HI-TECH Software C Compiler 

Linker command line:

--edf=C:\Program Files (x86)\HI-TECH Software\PICC\9.80\dat\en_msgs.txt -cs \
  -h+SpaceMission.sym -z -Q16F887 -ol.obj -MSpaceMission.map -E1 \
  -ACONST=00h-0FFhx32 -ACODE=00h-07FFhx4 -ASTRCODE=00h-01FFFh \
  -AENTRY=00h-0FFhx32 -ASTRING=00h-0FFhx32 -ABANK0=020h-06Fh \
  -ABANK1=0A0h-0EFh -ABANK2=0110h-016Fh -ABANK3=0190h-01EFh \
  -ARAM=020h-06Fh,0A0h-0EFh,0110h-016Fh,0190h-01EFh \
  -AABS1=020h-07Fh,0A0h-0EFh,0110h-016Fh,0190h-01EFh -ACOMMON=070h-07Fh \
  -ASFR0=00h-01Fh -ASFR1=080h-09Fh -ASFR2=0100h-010Fh -ASFR3=0180h-018Fh \
  -preset_vec=00h,intentry=04h,init,end_init -ppowerup=CODE -pfunctab=CODE \
  -ACONFIG=02007h-02008h -pconfig=CONFIG -DCONFIG=2 -AIDLOC=02000h-02003h \
  -pidloc=IDLOC -DIDLOC=2 -AEEDATA=00h-0FFh/02100h -peeprom_data=EEDATA \
  -DEEDATA=2 -DCODE=2 -DSTRCODE=2 -DSTRING=2 -DCONST=2 -DENTRY=2 -k \
  startup.obj SpaceMission.obj 

Object code version is 3.10

Machine type is 16F887



                Name                               Link     Load   Length Selector   Space Scale
startup.obj     end_init                             12       12        3        8       0
                reset_vec                             0        0        3        0       0
SpaceMission.obj
                intentry                              4        4        E        8       0
                config                             2007     2007        1     400E       0
                text448                             1A6      1A6       3C       6E       0
                text447                             2D0      2D0        1       6E       0
                text446                             2CF      2CF        1       6E       0
                text445                             2CE      2CE        1       6E       0
                text444                             2CA      2CA        3       6E       0
                text443                             2C5      2C5        5       6E       0
                text442                             2B6      2B6        F       6E       0
                text441                             2CD      2CD        1       6E       0
                text440                              37       37       B6       6E       0
                text439                             1E2      1E2       2E       6E       0
                text438                             290      290       15       6E       0
                text437                             210      210       2B       6E       0
                text436                             25B      25B       1C       6E       0
                text435                             14F      14F       57       6E       0
                maintext                             ED       ED       62       6E       0
                cstackBANK0                          40       40        9       20       1
                cstackCOMMON                         75       75        5       70       1
                inittext                            2A5      2A5       11       6E       0
                dataBANK0                            20       20       20       20       1
                bssBANK0                             49       49        2       20       1
                bssCOMMON                            70       70        5       70       1
                cinit                               277      277       19       6E       0
                strings                              15       15       22       2A       0
                idataBANK0                          23B      23B       20       6E       0

TOTAL           Name                               Link     Load   Length     Space
        CLASS   CONST          

        CLASS   CODE           
                end_init                             12       12        3         0
                intentry                              4        4        E         0
                reset_vec                             0        0        3         0
                text448                             1A6      1A6       3C         0
                text447                             2D0      2D0        1         0
                text446                             2CF      2CF        1         0
                text445                             2CE      2CE        1         0
                text444                             2CA      2CA        3         0
                text443                             2C5      2C5        5         0
                text442                             2B6      2B6        F         0
                text441                             2CD      2CD        1         0
                text440                              37       37       B6         0
                text439                             1E2      1E2       2E         0
                text438                             290      290       15         0
                text437                             210      210       2B         0
                text436                             25B      25B       1C         0
                text435                             14F      14F       57         0
                maintext                             ED       ED       62         0
                inittext                            2A5      2A5       11         0
                cinit                               277      277       19         0
                idataBANK0                          23B      23B       20         0

        CLASS   STRCODE        

        CLASS   ENTRY          

        CLASS   STRING         
                strings                              15       15       22         0

        CLASS   BANK0          
                cstackBANK0                          40       40        9         1
                dataBANK0                            20       20       20         1
                bssBANK0                             49       49        2         1

        CLASS   BANK1          

        CLASS   BANK2          

        CLASS   BANK3          

        CLASS   RAM            

        CLASS   ABS1           
                abs_s1                               7E       7E        2         1

        CLASS   COMMON         
                cstackCOMMON                         75       75        5         1
                bssCOMMON                            70       70        5         1

        CLASS   SFR0           

        CLASS   SFR1           

        CLASS   SFR2           

        CLASS   SFR3           

        CLASS   CONFIG         
                config                             2007     2007        1         0

        CLASS   IDLOC          

        CLASS   EEDATA         



SEGMENTS        Name                           Load    Length   Top    Selector   Space  Class     Delta

                reset_vec                      000000  000003  000003         0       0  CODE        2
                intentry                       000004  000011  000015         8       0  CODE        2
                dataBANK0                      000020  00002B  00004B        20       1  BANK0       1
                strings                        000015  000022  000037        2A       0  STRING      2
                text440                        000037  00029A  0002D1        6E       0  CODE        2
                bssCOMMON                      000070  00000A  00007A        70       1  COMMON      1
                config                         002007  000001  002008      400E       0  CONFIG      2


UNUSED ADDRESS RANGES

        Name                Unused          Largest block    Delta
        BANK0            004B-006F             25           1
        BANK1            00A0-00EF             50           1
        BANK2            0110-016F             60           1
        BANK3            0190-01EF             60           1
        CODE             0003-0003              1           2
                         02D1-1FFF            800
        COMMON           007A-007D              4           1
        CONFIG           2008-2008              1           2
        CONST            0003-0003              1           2
                         02D1-1FFF            100
        EEDATA           2100-21FF            100           2
        ENTRY            0003-0003              1           2
                         02D1-1FFF            100
        IDLOC            2000-2003              4           2
        RAM              004B-006F             25           1
                         00A0-00EF             50
                         0110-016F             60
                         0190-01EF             60
        SFR0             0000-001F             20           1
        SFR1             0080-009F             20           1
        SFR2             0100-010F             10           1
        SFR3             0180-018F             10           1
        STRCODE          0003-0003              1           2
                         02D1-1FFF           1D2F
        STRING           0003-0003              1           2
                         02D1-1FFF            100

                                  Symbol Table

??_checkCollision              cstackBANK0  0040
??_displayCountDown            cstackBANK0  0040
??_displayPoints               cstackBANK0  0040
??_displaySpace                cstackBANK0  0045
??_endMission                  cstackBANK0  0040
??_generateAsteroid            cstackBANK0  0040
??_initCountDown               cstackBANK0  0040
??_isr                         cstackCOMMON 0075
??_lcd_clear                   cstackBANK0  0043
??_lcd_init                    cstackBANK0  0045
??_lcd_puts                    cstackBANK0  0045
??_lcd_write                   cstackBANK0  0040
??_main                        cstackBANK0  0048
??_updateAsteroidsSpeed        cstackBANK0  0040
??_updateSpace                 cstackBANK0  0040
?_checkCollision               cstackCOMMON 0075
?_displayCountDown             cstackCOMMON 0075
?_displayPoints                cstackCOMMON 0075
?_displaySpace                 cstackCOMMON 0075
?_endMission                   cstackCOMMON 0075
?_generateAsteroid             cstackCOMMON 0075
?_initCountDown                cstackCOMMON 0075
?_isr                          cstackCOMMON 0075
?_lcd_clear                    cstackCOMMON 0075
?_lcd_init                     cstackCOMMON 0075
?_lcd_puts                     cstackBANK0  0043
?_lcd_write                    cstackCOMMON 0075
?_main                         cstackCOMMON 0075
?_updateAsteroidsSpeed         cstackCOMMON 0075
?_updateSpace                  cstackCOMMON 0075
_ANSEL                         (abs)        0188
_ANSELH                        (abs)        0189
_GIE                           (abs)        005F
_INTCON                        (abs)        000B
_PORTB                         (abs)        0006
_PORTD                         (abs)        0008
_PS0                           (abs)        0408
_PS1                           (abs)        0409
_PS2                           (abs)        040A
_PSA                           (abs)        040B
_RA0                           (abs)        0028
_RA1                           (abs)        0029
_RB4                           (abs)        0034
_RB5                           (abs)        0035
_T0CS                          (abs)        040D
_T0IE                          (abs)        005D
_T0IF                          (abs)        005A
_TRISB                         (abs)        0086
_TRISD                         (abs)        0088
__Habs1                        abs1         0000
__Hbank0                       bank0        0000
__Hbank1                       bank1        0000
__Hbank2                       bank2        0000
__Hbank3                       bank3        0000
__HbssBANK0                    bssBANK0     0000
__HbssCOMMON                   bssCOMMON    0000
__Hcinit                       cinit        0000
__Hclrtext                     clrtext      0000
__Hcode                        code         0000
__Hcommon                      common       0000
__Hconfig                      config       2008
__HcstackBANK0                 cstackBANK0  0000
__HcstackCOMMON                cstackCOMMON 0000
__HdataBANK0                   dataBANK0    0000
__Heeprom_data                 eeprom_data  0000
__Hend_init                    end_init     0015
__Hfunctab                     functab      0000
__HidataBANK0                  idataBANK0   0000
__Hidloc                       idloc        0000
__Hinit                        init         0012
__Hinittext                    inittext     0000
__Hintentry                    intentry     0012
__Hmaintext                    maintext     0000
__Hpowerup                     powerup      0000
__Hram                         ram          0000
__Hreset_vec                   reset_vec    0003
__Hsfr0                        sfr0         0000
__Hsfr1                        sfr1         0000
__Hsfr2                        sfr2         0000
__Hsfr3                        sfr3         0000
__Hstrings                     strings      0000
__Htext                        text         0000
__Labs1                        abs1         0000
__Lbank0                       bank0        0000
__Lbank1                       bank1        0000
__Lbank2                       bank2        0000
__Lbank3                       bank3        0000
__LbssBANK0                    bssBANK0     0000
__LbssCOMMON                   bssCOMMON    0000
__Lcinit                       cinit        0000
__Lclrtext                     clrtext      0000
__Lcode                        code         0000
__Lcommon                      common       0000
__Lconfig                      config       2007
__LcstackBANK0                 cstackBANK0  0000
__LcstackCOMMON                cstackCOMMON 0000
__LdataBANK0                   dataBANK0    0000
__Leeprom_data                 eeprom_data  0000
__Lend_init                    end_init     0012
__Lfunctab                     functab      0000
__LidataBANK0                  idataBANK0   0000
__Lidloc                       idloc        0000
__Linit                        init         0012
__Linittext                    inittext     0000
__Lintentry                    intentry     0004
__Lmaintext                    maintext     0000
__Lpowerup                     powerup      0000
__Lram                         ram          0000
__Lreset_vec                   reset_vec    0000
__Lsfr0                        sfr0         0000
__Lsfr1                        sfr1         0000
__Lsfr2                        sfr2         0000
__Lsfr3                        sfr3         0000
__Lstrings                     strings      0000
__Ltext                        text         0000
__S0                           (abs)        2008
__S1                           (abs)        007A
__S2                           (abs)        0000
__end_of_checkCollision        text443      02CA
__end_of_displayCountDown      text446      02D0
__end_of_displayPoints         text445      02CF
__end_of_displaySpace          text436      0277
__end_of_endMission            text441      02CE
__end_of_generateAsteroid      text444      02CD
__end_of_initCountDown         text442      02C5
__end_of_isr                   text448      01E2
__end_of_lcd_clear             text438      02A5
__end_of_lcd_init              text435      01A6
__end_of_lcd_puts              text437      023B
__end_of_lcd_write             text439      0210
__end_of_main                  maintext     014F
__end_of_updateAsteroidsSpeed  text447      02D1
__end_of_updateSpace           text440      00ED
__pbssBANK0                    bssBANK0     0049
__pbssCOMMON                   bssCOMMON    0070
__pcstackBANK0                 cstackBANK0  0040
__pcstackCOMMON                cstackCOMMON 0075
__pdataBANK0                   dataBANK0    0020
__pidataBANK0                  idataBANK0   023B
__pintentry                    intentry     0004
__pmaintext                    maintext     00ED
__pstrings                     strings      0015
__ptext435                     text435      014F
__ptext436                     text436      025B
__ptext437                     text437      0210
__ptext438                     text438      0290
__ptext439                     text439      01E2
__ptext440                     text440      0037
__ptext441                     text441      02CD
__ptext442                     text442      02B6
__ptext443                     text443      02C5
__ptext444                     text444      02CA
__ptext445                     text445      02CE
__ptext446                     text446      02CF
__ptext447                     text447      02D0
__ptext448                     text448      01A6
__ptext449                     text449      0000
__size_of_checkCollision       (abs)        0000
__size_of_displayCountDown     (abs)        0000
__size_of_displayPoints        (abs)        0000
__size_of_displaySpace         (abs)        0000
__size_of_endMission           (abs)        0000
__size_of_generateAsteroid     (abs)        0000
__size_of_initCountDown        (abs)        0000
__size_of_isr                  (abs)        0000
__size_of_lcd_clear            (abs)        0000
__size_of_lcd_init             (abs)        0000
__size_of_lcd_puts             (abs)        0000
__size_of_lcd_write            (abs)        0000
__size_of_main                 (abs)        0000
__size_of_updateAsteroidsSpeed (abs)        0000
__size_of_updateSpace          (abs)        0000
_checkCollision                text443      02C5
_digit0                        bssCOMMON    0070
_digit1                        bssCOMMON    0071
_displayCountDown              text446      02CF
_displayPoints                 text445      02CE
_displaySpace                  text436      025B
_divider                       bssCOMMON    0072
_endMission                    text441      02CD
_exit                          init         0012
_generateAsteroid              text444      02CA
_indexLines                    bssCOMMON    0073
_initCountDown                 text442      02B6
_isr                           text448      01A6
_lcd_clear                     text438      0290
_lcd_init                      text435      014F
_lcd_puts                      text437      0210
_lcd_write                     text439      01E2
_line0                         dataBANK0    0020
_line1                         dataBANK0    0030
_main                          maintext     00ED
_map                           strings      0025
_points                        bssBANK0     0049
_status                        bssCOMMON    0074
_updateAsteroidsSpeed          text447      02D0
_updateSpace                   text440      0037
btemp                          (abs)        007E
end_of_initialization          cinit        028C
init_fetch                     inittext     02A5
init_ram                       inittext     02A9
interrupt_function             intentry     0004
intlevel0                      functab      0000
intlevel1                      functab      0000
intlevel2                      functab      0000
intlevel3                      functab      0000
intlevel4                      functab      0000
intlevel5                      functab      0000
lcd_init@init_value            cstackBANK0  0047
lcd_puts@s                     cstackBANK0  0043
lcd_write@c                    cstackBANK0  0042
reset_vec                      reset_vec    0000
saved_w                        (abs)        007E
start                          init         0012
start_initialization           cinit        0277
updateSpace@prevIndex          cstackBANK0  0041
wtemp0                         (abs)        007E
